{
  "version": "1.5.0",
  "plugins_used": [
    {
      "name": "ArtifactoryDetector"
    },
    {
      "name": "AWSKeyDetector"
    },
    {
      "name": "AzureStorageKeyDetector"
    },
    {
      "name": "Base64HighEntropyString",
      "limit": 4.5
    },
    {
      "name": "BasicAuthDetector"
    },
    {
      "name": "CloudantDetector"
    },
    {
      "name": "DiscordBotTokenDetector"
    },
    {
      "name": "GitHubTokenDetector"
    },
    {
      "name": "GitLabTokenDetector"
    },
    {
      "name": "HexHighEntropyString",
      "limit": 3.0
    },
    {
      "name": "IbmCloudIamDetector"
    },
    {
      "name": "IbmCosHmacDetector"
    },
    {
      "name": "IPPublicDetector"
    },
    {
      "name": "JwtTokenDetector"
    },
    {
      "name": "KeywordDetector",
      "keyword_exclude": ""
    },
    {
      "name": "MailchimpDetector"
    },
    {
      "name": "NpmDetector"
    },
    {
      "name": "OpenAIDetector"
    },
    {
      "name": "PrivateKeyDetector"
    },
    {
      "name": "PypiTokenDetector"
    },
    {
      "name": "SendGridDetector"
    },
    {
      "name": "SlackDetector"
    },
    {
      "name": "SoftlayerDetector"
    },
    {
      "name": "SquareOAuthDetector"
    },
    {
      "name": "StripeDetector"
    },
    {
      "name": "TelegramBotTokenDetector"
    },
    {
      "name": "TwilioKeyDetector"
    }
  ],
  "filters_used": [
    {
      "path": "detect_secrets.filters.allowlist.is_line_allowlisted"
    },
    {
      "path": "detect_secrets.filters.common.is_baseline_file",
      "filename": ".secrets.baseline"
    },
    {
      "path": "detect_secrets.filters.common.is_ignored_due_to_verification_policies",
      "min_level": 2
    },
    {
      "path": "detect_secrets.filters.heuristic.is_indirect_reference"
    },
    {
      "path": "detect_secrets.filters.heuristic.is_likely_id_string"
    },
    {
      "path": "detect_secrets.filters.heuristic.is_lock_file"
    },
    {
      "path": "detect_secrets.filters.heuristic.is_not_alphanumeric_string"
    },
    {
      "path": "detect_secrets.filters.heuristic.is_potential_uuid"
    },
    {
      "path": "detect_secrets.filters.heuristic.is_prefixed_with_dollar_sign"
    },
    {
      "path": "detect_secrets.filters.heuristic.is_sequential_string"
    },
    {
      "path": "detect_secrets.filters.heuristic.is_swagger_file"
    },
    {
      "path": "detect_secrets.filters.heuristic.is_templated_secret"
    },
    {
      "path": "detect_secrets.filters.regex.should_exclude_file",
      "pattern": [
        "graphify-out/.*",
        "\\.claude/worktrees/.*",
        "node_modules/.*",
        "\\.git/.*"
      ]
    }
  ],
  "results": {
    "docs\\archiv\\REVIEW_v4.0.0.md": [
      {
        "type": "Secret Keyword",
        "filename": "docs\\archiv\\REVIEW_v4.0.0.md",
        "hashed_secret": "5a21585c3dfc2797afe4634fa150d996f4ef5b5e",
        "is_verified": false,
        "line_number": 419
      }
    ],
    "docs\\review\\REVIEW_PROMPT.md": [
      {
        "type": "Secret Keyword",
        "filename": "docs\\review\\REVIEW_PROMPT.md",
        "hashed_secret": "e1fb3cb82c5c2de888c744167c72c00398d7d8d3",
        "is_verified": false,
        "line_number": 239
      }
    ],
    "docs\\server_snapshot\\bmc5_server.properties": [
      {
        "type": "Secret Keyword",
        "filename": "docs\\server_snapshot\\bmc5_server.properties",
        "hashed_secret": "6962f55e5ca4b48ed1fc6620982f450b79a0a3c7",
        "is_verified": false,
        "line_number": 44
      }
    ],
    "docs\\server_snapshot\\vanilla_server.properties": [
      {
        "type": "Secret Keyword",
        "filename": "docs\\server_snapshot\\vanilla_server.properties",
        "hashed_secret": "6962f55e5ca4b48ed1fc6620982f450b79a0a3c7",
        "is_verified": false,
        "line_number": 35
      }
    ],
    "tests\\test_server_dashboard.py": [
      {
        "type": "Secret Keyword",
        "filename": "tests\\test_server_dashboard.py",
        "hashed_secret": "e1fb3cb82c5c2de888c744167c72c00398d7d8d3",
        "is_verified": false,
        "line_number": 59
      }
    ],
    "web\\static\\_preview\\v5_dashboard.html": [
      {
        "type": "Base64 High Entropy String",
        "filename": "web\\static\\_preview\\v5_dashboard.html",
        "hashed_secret": "da496c7d9dc5af601d8c7edfde780c91c737fa67",
        "is_verified": false,
        "line_number": 13
      }
    ],
    "web\\static\\_preview\\v5_landing.html": [
      {
        "type": "Base64 High Entropy String",
        "filename": "web\\static\\_preview\\v5_landing.html",
        "hashed_secret": "da496c7d9dc5af601d8c7edfde780c91c737fa67",
        "is_verified": false,
        "line_number": 13
      }
    ],
    "web\\templates\\base.html": [
      {
        "type": "Base64 High Entropy String",
        "filename": "web\\templates\\base.html",
        "hashed_secret": "da496c7d9dc5af601d8c7edfde780c91c737fa67",
        "is_verified": false,
        "line_number": 20
      }
    ],
    "web\\templates\\base_v5.html": [
      {
        "type": "Base64 High Entropy String",
        "filename": "web\\templates\\base_v5.html",
        "hashed_secret": "da496c7d9dc5af601d8c7edfde780c91c737fa67",
        "is_verified": false,
        "line_number": 20
      }
    ]
  },
  "generated_at": "2026-06-04T18:10:21Z"
}
